11
22
ajajaj
77
43
ajajaj
ajajaj
21
17
16
26
ajajaj
19
20
35
20
29
ajajaj
12
10
10
30
17
14
ajajaj
28
8
ajajaj
15
10
13
18
ajajaj
41
ajajaj
ajajaj
12
8
17
45
18
ajajaj
10
12
14
18
13
8
14
15
18
10
13
7
46
6
ajajaj
ajajaj
33
10
ajajaj
12
0
ajajaj
59
ajajaj
ajajaj
ajajaj
5
14
ajajaj
13
8
7
ajajaj
5
32
26
ajajaj
ajajaj
ajajaj
ajajaj
ajajaj
8
ajajaj
ajajaj
ajajaj
13
8
10
11
ajajaj
18
13
13
ajajaj
93
5
ajajaj
9
44
ajajaj
12
18
ajajaj
47
73
20
14
30
9
10
ajajaj
15
ajajaj
12
ajajaj
7
22
9
12
ajajaj
76
92
110
ajajaj
ajajaj
23
ajajaj
108
90
ajajaj
ajajaj
8
ajajaj
74
15
38
14
ajajaj
40
12
ajajaj
ajajaj
13
12
11
ajajaj
33
10
5
27
16
ajajaj
38
8
45
ajajaj
6
ajajaj
ajajaj
12
12
13
51
80
28
ajajaj
73
8
ajajaj
8
9
8
20
ajajaj
ajajaj
19
9
12
22
6
19
15
7
101
ajajaj
6
ajajaj
9
ajajaj
7
ajajaj
ajajaj
13
19
ajajaj
17
8
17
10
ajajaj
11
ajajaj
6
ajajaj
10
20
ajajaj
6
ajajaj
ajajaj
ajajaj
ajajaj
45
9
7
29
ajajaj
15
7
82
82
ajajaj
3
ajajaj
ajajaj
ajajaj
12
ajajaj
ajajaj
11
19
14
14
39
ajajaj
12
ajajaj
ajajaj
20
ajajaj
ajajaj
ajajaj
ajajaj
61
12
23
48
2
12
23
7
48
15
21
ajajaj
15
ajajaj
11
ajajaj
ajajaj
ajajaj
12
7
10
8
12
8
9
19
32
ajajaj
ajajaj
ajajaj
6
6
ajajaj
ajajaj
19
19
48
78
13
ajajaj
11
ajajaj
ajajaj
60
ajajaj
ajajaj
9
130
11
28
ajajaj
14
11
11
ajajaj
165
195
153
187
172
156
159
187
210
628
243
224
144
202
161
144
214
248
252
792
211
810
161
201
1027
145
183
221
159
143
247
150
183
146
195
189
703
638
247
211
200
630
153
156
175
213
225
185
156
222
182
594
913
249
157
544
829
758
233
546
993
640
155
168
583
660
147
234
626
143
170
150
642
894
177
601
215
190
840
578
190
157
580
171
172
240
201
151
149
710
216
672
148
194
147
143
192
149
1017
792
553
197
170
185
181
179
152
759
171
631
195
230
236
936
582
204
574
606
227
144
185
149
201
153
180
175
202
150
674
586
147
573
204
189
193
153
210
174
151
592
821
175
157
185
169
208
163
216
145
241
151
184
200
155
796
1006
724
149
833
726
241
186
171
175
230
156
222
147
159
658
903
158
145
175
155
153
1015
205
639
762
679
175
158
556
165
235
597
163
171
160
226
685
623
162
190
961
705
158
198
906
177
222
221
175
901
202
149
980
767
206
717
192
196
218
214
236
615
628
803
226
214
917
154
876
1028
576
191
158
735
808
177
207
142
156
236
168
578
210
187
833
156
151
189
159
155
139
168
215
235
165
192
722
202
150
246
142
187
181
202
165
148
596
236
158
155
193
170
774
187
210
158
222
675
149
217
194
151
168
697
188
181
152
144
182
154
235
172
154
157
209
161
666
169
189
171
562
147
186
183
602
175
193
1045
223
179
184
230
148
158
743
211
735
160
196
181
611
204
234
196
206
153
164
143
661
240
186
160
823
171
157
161
159
946
787
687
199
940
238
552
174
152
185
184
161
161
155
224
215
205
872
154
157
149
151
181
167
153
164
851
151
169
172
178
146
160
720
239
155
183
206
989
220
175
187
167
170
169
200
207
160
213
237
218
642
181
239
150
185
181
150
975
563
164
153
577
156
178
206
181
240
ajajaj
ajajaj
ajajaj
ajajaj
ajajaj
ajajaj
ajajaj
1515
1941
1526
1478
ajajaj
1779
1799
ajajaj
ajajaj
ajajaj
ajajaj
1596
ajajaj
1436
ajajaj
1672
ajajaj
ajajaj
ajajaj
1830
ajajaj
ajajaj
ajajaj
2138
ajajaj
ajajaj
1504
ajajaj
1803
ajajaj
1426
ajajaj
1435
ajajaj
ajajaj
1680
1450
ajajaj
ajajaj
1847
ajajaj
ajajaj
1486
2043
1630
ajajaj
1525
1815
ajajaj
1514
1608
ajajaj
1645
ajajaj
1558
ajajaj
ajajaj
ajajaj
ajajaj
1671
1991
ajajaj
1892
1564
1642
ajajaj
1631
1784
1414
ajajaj
1534
ajajaj
ajajaj
ajajaj
ajajaj
ajajaj
ajajaj
ajajaj
ajajaj
ajajaj
ajajaj
2037
ajajaj
1771
ajajaj
1454
ajajaj
ajajaj
2013
ajajaj
1824
1678
ajajaj
1758
2095
1651
ajajaj
ajajaj
1676
1462
ajajaj
1670
1608
ajajaj
ajajaj
1616
1409
1572
ajajaj
ajajaj
2046
2057
1555
1577
ajajaj
1441
1452
ajajaj
1511
2035
ajajaj
1909
ajajaj
1730
1573
2139
1999
ajajaj
ajajaj
1574
ajajaj
1514
1625
ajajaj
2105
ajajaj
ajajaj
2005
ajajaj
ajajaj
1662
ajajaj
1626
1711
ajajaj
ajajaj
ajajaj
ajajaj
ajajaj
1793
1681
1699
ajajaj
ajajaj
1681
1564
ajajaj
1823
1598
1600
1609
2002
2014
ajajaj
1934
ajajaj
1443
1785
ajajaj
1435
1836
ajajaj
ajajaj
1629
1894
2016
1499
ajajaj
ajajaj
1727
ajajaj
1831
ajajaj
2068
1722
ajajaj
1433
ajajaj
1713
ajajaj
ajajaj
1414
ajajaj
1333852567736193
5557990914425
1351857421603505
1176951378135403
1923583274485410
1351845163726968
1562903049846329
1493075095745018
1124046428141117
10563802276182
1299215716352433
1111580481538253
1316304076151793
1754916632559004
2083805051257912
1639818816718966
1299249476064536
1724655796538427
1613407028337554
1639851010421709
1163270333750795
1250539289665002
1563009568142497
2041374977553281
1176967667384070
1449806290688364
2000420697931370
1493057724355211
1724618054923784
1754835301234513
1515662259586226
1786234439163868
1087473724165370
1282540453823282
2041288499630472
1163309388773542
1099438622440914
1429023136837903
1075767857267572
1266278454110349
1087457066047440
1176947309313229
1282556490909823
1282544258074213
2128224371221732
1961347785022831
1370341577953377
2000473867796781
1887356281558141
1887227813755922
1639858230550652
1408949195333681
1961331869607850
2326110668667234
1852373257363868
2000497253437651
1852365914493790
1370403801796495
2326006051304995
1087423102842897
1220026721240541
1370401696076778
2083763029879026
1408962829349495
1111576863636575
1786158681469008
2273238156870124
1492982435103561
1852357248349714
1087392475022143
1250500656121605
1333822984576955
1149922279570672
2000507318027088
2128251340115099
1852332170386163
1493063451687429
2326130268795497
1205239922367123
1111550964960951
1316301536992662
1220014236953679
1695387714547385
2273209935932353
1852414980097377
1163317125364077
1639836775953627
1176981778872964
1961234477174239
1299202839610375
1351890489989624
1219993601411185
1639803571600355
1724679766187258
1370355716700508
1191030201803976
1053131221548450
1539004945389158
1562976095790605
1493049561529319
